// Jest Snapshot v1, https://goo.gl/fbAQLP

exports[`It should render completed Favorite 1`] = `
<div
  className="card p-4 mt-5 pt-4 mb-5 rounded"
  style={
    Object {
      "minWidth": "460px",
    }
  }
>
  <table
    style={
      Object {
        "width": "100%",
      }
    }
  >
    <thead>
      <tr>
        <td
          style={
            Object {
              "fontWeight": "bold",
            }
          }
        >
          Product
        </td>
        <td
          style={
            Object {
              "fontWeight": "bold",
            }
          }
        >
          Title
        </td>
        <td
          style={
            Object {
              "fontWeight": "bold",
            }
          }
        >
          Price
        </td>
        <td
          style={
            Object {
              "fontWeight": "bold",
            }
          }
        >
          Remove
        </td>
      </tr>
    </thead>
    <tbody>
      <tr>
        <td>
          <img
            alt="logos"
            className="img-fluid py-2"
            src="/Assets/saadad/Test.jpg"
            width="100"
          />
        </td>
        <td>
          Test
        </td>
        <td />
        <td
          onClick={[Function]}
          style={
            Object {
              "color": "red",
            }
          }
        >
          Remove
        </td>
      </tr>
    </tbody>
  </table>
  <div
    className="mx-auto"
  >
    <div>
      Price: 
      undefined $
    </div>
    <div>
      Incl tax: 
      undefined $
    </div>
    <div
      className="text-center mx-auto"
    >
      <button
        className="p-1 rounded"
        onClick={[Function]}
        style={
          Object {
            "backgroundColor": "black",
            "color": "white",
          }
        }
      >
        Add to Cart from Favourites
      </button>
    </div>
  </div>
</div>
`;
