// Jest Snapshot v1, https://goo.gl/fbAQLP

exports[`It should render completed Laptops 1`] = `
<div
  className="pt-4 text-center"
>
  <h1>
    BÃ¤rbara Datorer
  </h1>
  <div
    className="d-flex flex-wrap justify-content-center"
  />
</div>
`;
