// Jest Snapshot v1, https://goo.gl/fbAQLP

exports[`It should render completed Headphones 1`] = `
<div
  className="pt-4 text-center"
  data-testid="headphones1"
>
  <h1>
    HÃ¶rlurar
  </h1>
  <div
    className="d-flex flex-wrap justify-content-center"
  />
</div>
`;
