// Jest Snapshot v1, https://goo.gl/fbAQLP

exports[`FavoriteCard Card test 1`] = `
<tr>
  <td>
    <img
      alt="logos"
      className="img-fluid py-2"
      src="/Assets/saadad/Test.jpg"
      width="100"
    />
  </td>
  <td>
    Test
  </td>
  <td />
  <td
    onClick={[Function]}
    style={
      Object {
        "color": "red",
      }
    }
  >
    Remove
  </td>
</tr>
`;
